178.77.77.146 - - [01/Nov/2010:02:00:41 +0100] "GET / HTTP/1.0" 302 288 "http://www.sitetalk-generation.com" "Mozilla/4.0 (compatible; MSIE 7.0; Windows NT 6.0; Trident/4.0)"
78.42.157.180 - - [01/Nov/2010:16:39:04 +0100] "GET / HTTP/1.1" 302 300 "-" "Mozilla/4.0 (compatible; MSIE 8.0; Windows NT 6.1; WOW64; Trident/4.0; GTB6.5; SLCC2; .NET CLR 2.0.50727; .NET CLR 3.5.30729; .NET CLR 3.0.30729; Media Center PC 6.0; eSobiSubscriber 2.0.4.16)"
95.108.150.235 - - [02/Nov/2010:15:07:28 +0100] "GET /robots.txt HTTP/1.1" 302 310 "-" "Mozilla/5.0 (compatible; YandexBot/3.0; MirrorDetector; +http://yandex.com/bots)"
95.108.150.235 - - [02/Nov/2010:15:07:29 +0100] "GET / HTTP/1.1" 302 300 "-" "Mozilla/5.0 (compatible; YandexBot/3.0; MirrorDetector; +http://yandex.com/bots)"
83.133.125.202 - - [03/Nov/2010:14:07:48 +0100] "GET / HTTP/1.1" 302 300 "http://www.bigfinder.de/" "T-Online Browser (Windows NT 6.1; de)"
62.89.187.213 - - [04/Nov/2010:02:13:12 +0100] "GET /robots.txt HTTP/1.1" 302 310 "-" "CligooRobot/1.0"
62.89.187.213 - - [04/Nov/2010:02:13:12 +0100] "GET /sitemap.xml HTTP/1.1" 302 311 "-" "CligooRobot/1.0"
62.89.187.213 - - [04/Nov/2010:02:13:12 +0100] "GET / HTTP/1.1" 302 300 "-" "CligooRobot/1.0"
72.44.55.62 - - [04/Nov/2010:03:33:47 +0100] "GET / HTTP/1.0" 302 288 "-" "Mozilla/5.0 (compatible; NetcraftSurveyAgent/1.0; +info@netcraft.com)"
67.195.37.154 - - [04/Nov/2010:11:08:54 +0100] "GET /robots.txt HTTP/1.0" 302 298 "-" "Mozilla/5.0 (compatible; Yahoo! Slurp; http://help.yahoo.com/help/us/ysearch/slurp)"
67.195.37.154 - - [04/Nov/2010:11:08:55 +0100] "GET / HTTP/1.0" 302 288 "-" "Mozilla/5.0 (compatible; Yahoo! Slurp/3.0; http://help.yahoo.com/help/us/ysearch/slurp)"
178.77.73.175 - - [04/Nov/2010:12:09:03 +0100] "GET / HTTP/1.0" 302 288 "http://www.sitetalk-generation.com" "Mozilla/4.0 (compatible; MSIE 7.0; Windows NT 6.0; Trident/4.0)"
178.77.77.146 - - [04/Nov/2010:13:38:57 +0100] "GET / HTTP/1.0" 302 288 "http://www.sitetalk-generation.com" "Mozilla/4.0 (compatible; MSIE 7.0; Windows NT 6.0; Trident/4.0)"
79.210.249.109 - - [04/Nov/2010:19:35:06 +0100] "GET / HTTP/1.1" 302 300 "-" "Mozilla/5.0 (Windows; U; Windows NT 6.1; de; rv:1.9.2.12) Gecko/20101026 Firefox/3.6.12"
178.77.77.48 - - [05/Nov/2010:09:15:58 +0100] "GET / HTTP/1.0" 302 288 "http://www.sitetalk-generation.com" "Mozilla/4.0 (compatible; MSIE 7.0; Windows NT 6.0; Trident/4.0)"
80.187.97.206 - - [05/Nov/2010:13:46:02 +0100] "GET / HTTP/1.1" 302 300 "-" "Mozilla/5.0 (iPhone; U; CPU iPhone OS 4_1 like Mac OS X; de-de) AppleWebKit/532.9 (KHTML, like Gecko) Version/4.0.5 Mobile/8B117 Safari/6531.22.7"
94.23.211.138 - - [06/Nov/2010:07:44:03 +0100] "HEAD / HTTP/1.1" 302 0 "-" "Mozilla/4.0 (compatible; MSIE 5.01; Windows NT 5.0)"
95.108.150.235 - - [06/Nov/2010:12:17:06 +0100] "GET /robots.txt HTTP/1.1" 302 310 "-" "Mozilla/5.0 (compatible; YandexBot/3.0; MirrorDetector; +http://yandex.com/bots)"
95.108.150.235 - - [06/Nov/2010:12:17:07 +0100] "GET / HTTP/1.1" 302 300 "-" "Mozilla/5.0 (compatible; YandexBot/3.0; MirrorDetector; +http://yandex.com/bots)"
83.133.125.202 - - [06/Nov/2010:15:41:46 +0100] "GET / HTTP/1.1" 302 300 "http://www.bigfinder.de/" "T-Online Browser (Windows NT 6.1; de)"
207.241.227.77 - - [07/Nov/2010:02:48:28 +0100] "GET /robots.txt HTTP/1.1" 302 310 "-" "ia_archiver-web.archive.org"
66.249.71.79 - - [07/Nov/2010:10:28:28 +0100] "GET /robots.txt HTTP/1.1" 302 310 "-" "Mozilla/5.0 (compatible; Googlebot/2.1; +http://www.google.com/bot.html)"
66.249.71.79 - - [07/Nov/2010:10:28:28 +0100] "GET / HTTP/1.1" 302 300 "-" "Mozilla/5.0 (compatible; Googlebot/2.1; +http://www.google.com/bot.html)"
66.249.71.122 - - [07/Nov/2010:13:03:26 +0100] "GET /robots.txt HTTP/1.1" 302 310 "-" "Mozilla/5.0 (compatible; Googlebot/2.1; +http://www.google.com/bot.html)"
66.249.71.122 - - [07/Nov/2010:13:03:26 +0100] "GET / HTTP/1.1" 302 300 "-" "Mozilla/5.0 (compatible; Googlebot/2.1; +http://www.google.com/bot.html)"
203.6.203.80 - - [07/Nov/2010:23:13:02 +0100] "GET /robots.txt HTTP/1.0" 302 298 "-" "CatchBot/3.0; +http://www.catchbot.com"
203.6.203.80 - - [07/Nov/2010:23:13:02 +0100] "GET / HTTP/1.0" 302 288 "-" "CatchBot/3.0; +http://www.catchbot.com"
203.6.203.73 - - [07/Nov/2010:23:19:14 +0100] "GET /robots.txt HTTP/1.0" 302 298 "-" "CatchBot/2.0; +http://www.catchbot.com"
203.6.203.73 - - [07/Nov/2010:23:19:15 +0100] "GET / HTTP/1.0" 302 288 "-" "CatchBot/2.0; +http://www.catchbot.com"
95.108.150.235 - - [08/Nov/2010:12:52:48 +0100] "GET /robots.txt HTTP/1.1" 302 310 "-" "Mozilla/5.0 (compatible; YandexBot/3.0; MirrorDetector; +http://yandex.com/bots)"
95.108.150.235 - - [08/Nov/2010:12:52:49 +0100] "GET / HTTP/1.1" 302 300 "-" "Mozilla/5.0 (compatible; YandexBot/3.0; MirrorDetector; +http://yandex.com/bots)"
216.145.5.42 - - [08/Nov/2010:19:27:26 +0100] "GET /robots.txt HTTP/1.0" 302 298 "-" "Mozilla/5.0 (Windows; U; Windows NT 5.1; en; rv:1.9.0.13) Gecko/2009073022 Firefox/3.5.2 (.NET CLR 3.5.30729) SurveyBot/2.3 (DomainTools)"
216.145.5.42 - - [08/Nov/2010:19:27:26 +0100] "GET / HTTP/1.1" 302 300 "http://whois.domaintools.com/einedomain.de" "Mozilla/5.0 (Windows; U; Windows NT 5.1; en; rv:1.9.0.13) Gecko/2009073022 Firefox/3.5.2 (.NET CLR 3.5.30729) SurveyBot/2.3 (DomainTools)"
88.65.23.103 - - [09/Nov/2010:13:55:58 +0100] "GET / HTTP/1.1" 302 300 "-" "Mozilla/4.0 (compatible; MSIE 8.0; Windows NT 5.1; Trident/4.0; GTB6.5; .NET CLR 1.0.3705; .NET CLR 1.1.4322; Media Center PC 4.0)"
88.65.23.103 - - [09/Nov/2010:13:58:20 +0100] "GET / HTTP/1.1" 302 300 "-" "Mozilla/4.0 (compatible; MSIE 8.0; Windows NT 5.1; Trident/4.0; GTB6.5; .NET CLR 1.0.3705; .NET CLR 1.1.4322; Media Center PC 4.0)"
188.104.186.94 - - [09/Nov/2010:14:11:34 +0100] "GET / HTTP/1.1" 302 300 "-" "Mozilla/4.0 (compatible; MSIE 8.0; Windows NT 6.0; Trident/4.0; SLCC1; .NET CLR 2.0.50727; .NET CLR 3.5.30729; .NET4.0C; .NET CLR 3.0.30618)"
178.77.72.217 - - [09/Nov/2010:16:05:28 +0100] "GET / HTTP/1.0" 302 288 "http://www.sitetalk-info.de" "Mozilla/4.0 (compatible; MSIE 7.0; Windows NT 6.0; Trident/4.0)"
92.82.225.31 - - [10/Nov/2010:05:12:55 +0100] "GET / HTTP/1.1" 302 300 "-" "Java/1.6.0_22"
92.82.225.31 - - [10/Nov/2010:05:12:55 +0100] "GET /impress.htm HTTP/1.1" 302 311 "-" "Java/1.6.0_22"
92.82.225.31 - - [10/Nov/2010:05:13:17 +0100] "GET /ku_main.htm HTTP/1.1" 302 311 "-" "Java/1.6.0_22"
92.82.225.31 - - [10/Nov/2010:05:13:26 +0100] "GET /ku_s_v.htm HTTP/1.1" 302 310 "-" "Java/1.6.0_22"
92.82.225.31 - - [10/Nov/2010:05:13:48 +0100] "GET /sf_fuer.htm HTTP/1.1" 302 311 "-" "Java/1.6.0_22"
92.82.225.31 - - [10/Nov/2010:05:13:48 +0100] "GET /sf_main.htm HTTP/1.1" 302 311 "-" "Java/1.6.0_22"
92.82.225.31 - - [10/Nov/2010:05:13:49 +0100] "GET /ssf_main.htm HTTP/1.1" 302 312 "-" "Java/1.6.0_22"
92.82.225.31 - - [10/Nov/2010:05:13:50 +0100] "GET /contact.php HTTP/1.1" 302 311 "-" "Java/1.6.0_22"
92.82.225.31 - - [10/Nov/2010:05:14:11 +0100] "GET /faq.php HTTP/1.1" 302 307 "-" "Java/1.6.0_22"
92.82.225.31 - - [10/Nov/2010:05:14:12 +0100] "GET /index.php HTTP/1.1" 302 309 "-" "Java/1.6.0_22"
92.82.225.31 - - [10/Nov/2010:05:14:12 +0100] "GET /index_en.php HTTP/1.1" 302 312 "-" "Java/1.6.0_22"
92.82.225.31 - - [10/Nov/2010:05:14:13 +0100] "GET /optiuni.php HTTP/1.1" 302 311 "-" "Java/1.6.0_22"
92.82.225.31 - - [10/Nov/2010:05:14:34 +0100] "GET /termeni.php HTTP/1.1" 302 311 "-" "Java/1.6.0_22"
92.82.225.31 - - [10/Nov/2010:05:14:55 +0100] "GET /www.einedomain.de/ku_main.htm HTTP/1.1" 302 337 "-" "Java/1.6.0_22"
92.82.225.31 - - [10/Nov/2010:05:15:17 +0100] "GET /www.einedomain.de/sf_main.htm HTTP/1.1" 302 337 "-" "Java/1.6.0_22"
92.82.225.31 - - [10/Nov/2010:05:15:38 +0100] "GET /www.einedomain.de/faq.php HTTP/1.1" 302 333 "-" "Java/1.6.0_22"
92.82.225.31 - - [10/Nov/2010:05:16:09 +0100] "GET /controls/js/rtc.js HTTP/1.1" 302 318 "-" "Java/1.6.0_22"
92.82.225.31 - - [10/Nov/2010:05:16:30 +0100] "GET /index.php?noscript=yes HTTP/1.1" 302 322 "-" "Java/1.6.0_22"
95.108.150.235 - - [10/Nov/2010:16:53:21 +0100] "GET /robots.txt HTTP/1.1" 302 310 "-" "Mozilla/5.0 (compatible; YandexBot/3.0; MirrorDetector; +http://yandex.com/bots)"
95.108.150.235 - - [10/Nov/2010:16:53:22 +0100] "GET / HTTP/1.1" 302 300 "-" "Mozilla/5.0 (compatible; YandexBot/3.0; MirrorDetector; +http://yandex.com/bots)"
178.77.77.48 - - [10/Nov/2010:23:22:48 +0100] "GET / HTTP/1.0" 302 288 "http://www.sitetalk-generation.com" "Mozilla/4.0 (compatible; MSIE 7.0; Windows NT 6.0; Trident/4.0)"
178.77.77.146 - - [11/Nov/2010:07:40:14 +0100] "GET / HTTP/1.0" 302 288 "http://www.sitetalk-generation.com" "Mozilla/4.0 (compatible; MSIE 7.0; Windows NT 6.0; Trident/4.0)"
67.195.37.154 - - [11/Nov/2010:16:23:44 +0100] "GET /robots.txt HTTP/1.0" 302 298 "-" "Mozilla/5.0 (compatible; Yahoo! Slurp; http://help.yahoo.com/help/us/ysearch/slurp)"
67.195.37.154 - - [11/Nov/2010:16:23:46 +0100] "GET / HTTP/1.0" 302 288 "-" "Mozilla/5.0 (compatible; Yahoo! Slurp/3.0; http://help.yahoo.com/help/us/ysearch/slurp)"
94.23.211.138 - - [12/Nov/2010:03:38:59 +0100] "HEAD / HTTP/1.1" 302 0 "-" "Mozilla/4.0 (compatible; MSIE 5.01; Windows NT 5.0)"
95.108.150.235 - - [12/Nov/2010:16:38:14 +0100] "GET /robots.txt HTTP/1.1" 302 310 "-" "Mozilla/5.0 (compatible; YandexBot/3.0; MirrorDetector; +http://yandex.com/bots)"
95.108.150.235 - - [12/Nov/2010:16:38:15 +0100] "GET / HTTP/1.1" 302 300 "-" "Mozilla/5.0 (compatible; YandexBot/3.0; MirrorDetector; +http://yandex.com/bots)"
178.63.66.151 - - [13/Nov/2010:07:50:41 +0100] "GET / HTTP/1.1" 302 300 "http://www.safersite.de/einedomain.de" "Mozilla/5.0 (Windows; U; Windows NT 6.1; de; rv:1.9.2.12) Gecko/20101026 Firefox/3.6.12"
95.108.150.235 - - [14/Nov/2010:14:42:31 +0100] "GET /robots.txt HTTP/1.1" 302 310 "-" "Mozilla/5.0 (compatible; YandexBot/3.0; MirrorDetector; +http://yandex.com/bots)"
95.108.150.235 - - [14/Nov/2010:14:42:32 +0100] "GET / HTTP/1.1" 302 300 "-" "Mozilla/5.0 (compatible; YandexBot/3.0; MirrorDetector; +http://yandex.com/bots)"
83.133.125.202 - - [15/Nov/2010:07:09:26 +0100] "GET / HTTP/1.1" 302 300 "http://www.bigfinder.de/" "Mozilla/5.0 (Macintosh; U; Intel Mac OS X 10.6; de-DE; rv:1.9.2.8) Gecko/20100722 Firefox/3.6.8"
91.48.58.184 - - [15/Nov/2010:16:32:02 +0100] "GET / HTTP/1.1" 302 300 "-" "Mozilla/5.0 (Windows; U; Windows NT 5.1; de; rv:1.9.2.12) Gecko/20101026 Firefox/3.6.12"
95.108.150.235 - - [16/Nov/2010:14:37:44 +0100] "GET /robots.txt HTTP/1.1" 302 310 "-" "Mozilla/5.0 (compatible; YandexBot/3.0; MirrorDetector; +http://yandex.com/bots)"
95.108.150.235 - - [16/Nov/2010:14:37:45 +0100] "GET / HTTP/1.1" 302 300 "-" "Mozilla/5.0 (compatible; YandexBot/3.0; MirrorDetector; +http://yandex.com/bots)"
65.55.25.144 - - [16/Nov/2010:23:22:50 +0100] "GET /robots.txt HTTP/1.1" 302 310 "-" "msnbot/2.0b (+http://search.msn.com/msnbot.htm)._"
65.55.25.144 - - [16/Nov/2010:23:22:50 +0100] "GET / HTTP/1.1" 302 300 "-" "msnbot/2.0b (+http://search.msn.com/msnbot.htm)._"
213.147.8.34 - - [17/Nov/2010:10:40:15 +0100] "GET / HTTP/1.1" 302 300 "-" "Mozilla/4.0 (compatible; MSIE 7.0; Windows NT 5.1; .NET CLR 2.0.50727; .NET CLR 3.0.4506.2152; .NET CLR 3.5.30729)"
94.23.211.138 - - [17/Nov/2010:17:46:31 +0100] "HEAD / HTTP/1.1" 302 0 "-" "Mozilla/4.0 (compatible; MSIE 5.01; Windows NT 5.0)"
217.238.35.60 - - [18/Nov/2010:14:46:04 +0100] "GET / HTTP/1.1" 302 300 "-" "Mozilla/4.0 (compatible; MSIE 8.0; Windows NT 5.1; Trident/4.0; .NET CLR 2.0.50727; .NET CLR 3.0.04506.30; .NET CLR 1.1.4322; .NET CLR 3.0.04506.648; .NET CLR 3.0.4506.2152; .NET CLR 3.5.30729)"
195.189.93.100 - - [18/Nov/2010:14:52:33 +0100] "GET / HTTP/1.1" 302 300 "-" "Mozilla/4.0 (compatible; MSIE 7.0; Windows NT 5.1; GTB6.3; .NET CLR 1.1.4322; .NET CLR 2.0.50727; InfoPath.1; .NET CLR 3.0.4506.2152; .NET CLR 3.5.30729)"
207.46.195.225 - - [18/Nov/2010:21:45:26 +0100] "GET /robots.txt HTTP/1.1" 302 310 "-" "Mozilla/5.0 (compatible; bingbot/2.0; +http://www.bing.com/bingbot.htm)"
95.108.150.235 - - [18/Nov/2010:22:19:22 +0100] "GET /robots.txt HTTP/1.1" 302 310 "-" "Mozilla/5.0 (compatible; YandexBot/3.0; MirrorDetector; +http://yandex.com/bots)"
95.108.150.235 - - [18/Nov/2010:22:19:23 +0100] "GET / HTTP/1.1" 302 300 "-" "Mozilla/5.0 (compatible; YandexBot/3.0; MirrorDetector; +http://yandex.com/bots)"
207.46.195.225 - - [18/Nov/2010:22:37:38 +0100] "GET /robots.txt HTTP/1.1" 302 310 "-" "Mozilla/5.0 (compatible; bingbot/2.0; +http://www.bing.com/bingbot.htm)"
207.46.195.225 - - [18/Nov/2010:22:46:11 +0100] "GET /robots.txt HTTP/1.1" 302 310 "-" "Mozilla/5.0 (compatible; bingbot/2.0; +http://www.bing.com/bingbot.htm)"
207.46.195.225 - - [18/Nov/2010:23:02:33 +0100] "GET /robots.txt HTTP/1.1" 302 310 "-" "Mozilla/5.0 (compatible; bingbot/2.0; +http://www.bing.com/bingbot.htm)"
207.46.195.225 - - [18/Nov/2010:23:26:40 +0100] "GET /robots.txt HTTP/1.1" 302 310 "-" "Mozilla/5.0 (compatible; bingbot/2.0; +http://www.bing.com/bingbot.htm)"
207.46.195.225 - - [19/Nov/2010:00:00:05 +0100] "GET /robots.txt HTTP/1.1" 302 310 "-" "Mozilla/5.0 (compatible; bingbot/2.0; +http://www.bing.com/bingbot.htm)"
207.46.195.225 - - [19/Nov/2010:00:40:49 +0100] "GET /robots.txt HTTP/1.1" 302 310 "-" "Mozilla/5.0 (compatible; bingbot/2.0; +http://www.bing.com/bingbot.htm)"
207.46.195.225 - - [19/Nov/2010:01:29:46 +0100] "GET /robots.txt HTTP/1.1" 302 310 "-" "Mozilla/5.0 (compatible; bingbot/2.0; +http://www.bing.com/bingbot.htm)"
207.46.195.225 - - [19/Nov/2010:02:27:04 +0100] "GET /robots.txt HTTP/1.1" 302 310 "-" "Mozilla/5.0 (compatible; bingbot/2.0; +http://www.bing.com/bingbot.htm)"
207.46.195.225 - - [19/Nov/2010:02:36:04 +0100] "GET /robots.txt HTTP/1.1" 302 310 "-" "Mozilla/5.0 (compatible; bingbot/2.0; +http://www.bing.com/bingbot.htm)"
207.46.195.225 - - [19/Nov/2010:02:52:31 +0100] "GET /robots.txt HTTP/1.1" 302 310 "-" "Mozilla/5.0 (compatible; bingbot/2.0; +http://www.bing.com/bingbot.htm)"
207.46.195.225 - - [19/Nov/2010:03:16:48 +0100] "GET /robots.txt HTTP/1.1" 302 310 "-" "Mozilla/5.0 (compatible; bingbot/2.0; +http://www.bing.com/bingbot.htm)"
207.46.195.225 - - [19/Nov/2010:03:50:44 +0100] "GET /robots.txt HTTP/1.1" 302 310 "-" "Mozilla/5.0 (compatible; bingbot/2.0; +http://www.bing.com/bingbot.htm)"
207.46.195.225 - - [19/Nov/2010:04:31:03 +0100] "GET /robots.txt HTTP/1.1" 302 310 "-" "Mozilla/5.0 (compatible; bingbot/2.0; +http://www.bing.com/bingbot.htm)"
207.46.195.225 - - [19/Nov/2010:05:21:05 +0100] "GET /robots.txt HTTP/1.1" 302 310 "-" "Mozilla/5.0 (compatible; bingbot/2.0; +http://www.bing.com/bingbot.htm)"
207.46.195.225 - - [19/Nov/2010:06:18:00 +0100] "GET /robots.txt HTTP/1.1" 302 310 "-" "Mozilla/5.0 (compatible; bingbot/2.0; +http://www.bing.com/bingbot.htm)"
207.46.195.225 - - [19/Nov/2010:06:26:13 +0100] "GET /robots.txt HTTP/1.1" 302 310 "-" "Mozilla/5.0 (compatible; bingbot/2.0; +http://www.bing.com/bingbot.htm)"
207.46.195.225 - - [19/Nov/2010:06:42:54 +0100] "GET /robots.txt HTTP/1.1" 302 310 "-" "Mozilla/5.0 (compatible; bingbot/2.0; +http://www.bing.com/bingbot.htm)"
207.46.195.225 - - [19/Nov/2010:07:07:26 +0100] "GET /robots.txt HTTP/1.1" 302 310 "-" "Mozilla/5.0 (compatible; bingbot/2.0; +http://www.bing.com/bingbot.htm)"
207.46.195.225 - - [19/Nov/2010:07:41:07 +0100] "GET /robots.txt HTTP/1.1" 302 310 "-" "Mozilla/5.0 (compatible; bingbot/2.0; +http://www.bing.com/bingbot.htm)"
207.46.195.225 - - [19/Nov/2010:08:22:16 +0100] "GET /robots.txt HTTP/1.1" 302 310 "-" "Mozilla/5.0 (compatible; bingbot/2.0; +http://www.bing.com/bingbot.htm)"
95.108.151.244 - - [19/Nov/2010:08:47:10 +0100] "GET /robots.txt HTTP/1.1" 302 310 "-" "Mozilla/5.0 (compatible; YandexBot/3.0; MirrorDetector; +http://yandex.com/bots)"
95.108.151.244 - - [19/Nov/2010:08:47:11 +0100] "GET / HTTP/1.1" 302 300 "-" "Mozilla/5.0 (compatible; YandexBot/3.0; MirrorDetector; +http://yandex.com/bots)"
207.46.195.225 - - [19/Nov/2010:09:11:57 +0100] "GET /robots.txt HTTP/1.1" 302 310 "-" "Mozilla/5.0 (compatible; bingbot/2.0; +http://www.bing.com/bingbot.htm)"
207.46.195.225 - - [19/Nov/2010:09:20:18 +0100] "GET /robots.txt HTTP/1.1" 302 310 "-" "Mozilla/5.0 (compatible; bingbot/2.0; +http://www.bing.com/bingbot.htm)"
207.46.195.225 - - [19/Nov/2010:09:37:29 +0100] "GET /robots.txt HTTP/1.1" 302 310 "-" "Mozilla/5.0 (compatible; bingbot/2.0; +http://www.bing.com/bingbot.htm)"
207.46.195.225 - - [19/Nov/2010:10:02:18 +0100] "GET /robots.txt HTTP/1.1" 302 310 "-" "Mozilla/5.0 (compatible; bingbot/2.0; +http://www.bing.com/bingbot.htm)"
207.46.195.225 - - [19/Nov/2010:10:34:38 +0100] "GET /robots.txt HTTP/1.1" 302 310 "-" "Mozilla/5.0 (compatible; bingbot/2.0; +http://www.bing.com/bingbot.htm)"
67.195.37.154 - - [19/Nov/2010:13:48:13 +0100] "GET /robots.txt HTTP/1.0" 302 298 "-" "Mozilla/5.0 (compatible; Yahoo! Slurp; http://help.yahoo.com/help/us/ysearch/slurp)"
67.195.37.154 - - [19/Nov/2010:13:48:13 +0100] "GET / HTTP/1.0" 302 288 "-" "Mozilla/5.0 (compatible; Yahoo! Slurp; http://help.yahoo.com/help/us/ysearch/slurp)"
66.249.65.141 - - [19/Nov/2010:17:50:04 +0100] "GET /robots.txt HTTP/1.1" 302 310 "-" "Mozilla/5.0 (compatible; Googlebot/2.1; +http://www.google.com/bot.html)"
66.249.65.141 - - [19/Nov/2010:17:50:04 +0100] "GET / HTTP/1.1" 302 300 "-" "Mozilla/5.0 (compatible; Googlebot/2.1; +http://www.google.com/bot.html)"
64.246.165.140 - - [19/Nov/2010:23:18:51 +0100] "GET /robots.txt HTTP/1.0" 302 298 "-" "Mozilla/5.0 (Windows; U; Windows NT 5.1; en; rv:1.9.0.13) Gecko/2009073022 Firefox/3.5.2 (.NET CLR 3.5.30729) SurveyBot/2.3 (DomainTools)"
64.246.165.140 - - [19/Nov/2010:23:18:52 +0100] "GET / HTTP/1.1" 302 300 "http://whois.domaintools.com/einedomain.de" "Mozilla/5.0 (Windows; U; Windows NT 5.1; en; rv:1.9.0.13) Gecko/2009073022 Firefox/3.5.2 (.NET CLR 3.5.30729) SurveyBot/2.3 (DomainTools)"
88.198.50.200 - - [20/Nov/2010:01:43:21 +0100] "GET / HTTP/1.1" 302 300 "http://www.sitedomain.de/" "Mozilla/5.0 (compatible; Sitedomain-Bot 1.0; Headers only; +http://www.sitedomain.de/sitedomain-bot/)"
95.108.150.235 - - [20/Nov/2010:14:47:45 +0100] "GET /robots.txt HTTP/1.1" 302 310 "-" "Mozilla/5.0 (compatible; YandexBot/3.0; MirrorDetector; +http://yandex.com/bots)"
95.108.150.235 - - [20/Nov/2010:14:47:45 +0100] "GET / HTTP/1.1" 302 300 "-" "Mozilla/5.0 (compatible; YandexBot/3.0; MirrorDetector; +http://yandex.com/bots)"
93.222.163.4 - - [20/Nov/2010:18:38:32 +0100] "GET / HTTP/1.1" 302 300 "http://www.ballonteam-martinhofer.de/" "Mozilla/5.0 (Windows; U; Windows NT 5.1; de; rv:1.9.1.9) Gecko/20100315 Firefox/3.5.9 (.NET CLR 3.5.30729)"
